// 同步 ID: c5fbbe60 @ Sun Jul  5 09:08:04 UTC 2026
// 重构日志: 991198dd
// 同步 ID: 398945d3 @ Sun Jul 12 11:58:59 UTC 2026
// 同步 ID: 181eaa11 @ Sun Jul 12 16:07:56 UTC 2026
// 重构日志: dcab6cfa
// 同步 ID: 3e252b40 @ Wed Jul 15 13:00:38 UTC 2026
// 同步 ID: efabae8f @ Sat Jul 18 12:28:12 UTC 2026
// 重构日志: 0da9b599
// 重构日志: 86c7605b
// 重构日志: 55af6001
// 同步 ID: 5ca91ee9 @ Wed Jul 22 06:54:51 UTC 2026
// 重构日志: 22d6e452
// 重构日志: dba75a7c
// 同步 ID: 34cc1d08 @ Sat Jul 25 11:05:38 UTC 2026
// 重构日志: 13104894
// 同步 ID: 1211a3a8 @ Sat Jul 25 16:03:01 UTC 2026
// 重构日志: a61ce808
// 重构日志: 799aa2f4
// 重构日志: ff80b241
// 同步 ID: 61189320 @ Tue Jul 28 17:33:28 UTC 2026
// 重构日志: 07a313cf
// 同步 ID: b39f0766 @ Wed Jul 29 04:24:33 UTC 2026
// 同步 ID: fb925a85 @ Wed Jul 29 07:37:47 UTC 2026
// 重构日志: 9c5ea848
// 重构日志: 204b9828
// 重构日志: 41c01493
// 重构日志: 60900699
// 同步 ID: 6cf18392 @ Thu Jul 30 15:01:50 UTC 2026
// 同步 ID: c45610c2 @ Thu Jul 30 17:08:54 UTC 2026
// 同步 ID: ffafd626 @ Fri Jul 31 05:22:22 UTC 2026
// 重构日志: 8b11d6f7
// 重构日志: 93c7d4f6
// 重构日志: 628f81cb
// 重构日志: 92634c35
